src/components/forms/AutoCompleteSearch.tsx(18,26): error TS7016: Could not find a declaration file for module 'lodash'. 'D:/Labor Management System/node_modules/lodash/lodash.js' implicitly has an 'any' type.
  Try `npm i --save-dev @types/lodash` if it exists or add a new declaration (.d.ts) file containing `declare module 'lodash';`
src/components/forms/DatePicker.tsx(16,10): error TS2724: '"date-fns-tz"' has no exported member named 'utcToZonedTime'. Did you mean 'toZonedTime'?
src/components/forms/DatePicker.tsx(16,26): error TS2305: Module '"date-fns-tz"' has no exported member 'zonedTimeToUtc'.
src/components/forms/DatePicker.tsx(199,10): error TS2552: Cannot find name 'format'. Did you mean 'FormData'?
src/components/forms/DatePicker.tsx(209,10): error TS2552: Cannot find name 'format'. Did you mean 'FormData'?
src/pages/daily-reports/[id]/history.tsx(21,108): error TS2307: Cannot find module '@mui/lab' or its corresponding type declarations.
src/pages/daily-reports/[id]/history.tsx(25,10): error TS2724: '"@/utils/dateUtils"' has no exported member named 'formatDateTime'. Did you mean 'formatDate'?
src/pages/daily-reports/mobile/create.tsx(199,18): error TS2741: Property 'date' is missing in type '{ open: boolean; onClose: () => void; onSave: (entryData: Omit<DailyReportEntry, "id" | "createdAt" | "totalHours" | "netHours">) => Promise<void>; projectId: string; initialData: DailyReportEntry | undefined; }' but required in type 'DailyReportEntryModalProps'.
src/pages/overtime/[id]/history.tsx(21,108): error TS2307: Cannot find module '@mui/lab' or its corresponding type declarations.
src/pages/overtime/[id]/history.tsx(26,10): error TS2724: '"@/utils/dateUtils"' has no exported member named 'formatDateTime'. Did you mean 'formatDate'?
src/pages/overtime/components/OvertimeForm.tsx(457,23): error TS2322: Type '{ label: string; accept: string; multiple: true; maxFiles: number; helperText: string; onChange: (...event: any[]) => void; onBlur: Noop; value: string[]; disabled?: boolean | undefined; name: "imageUrls"; ref: RefCallBack; }' is not assignable to type 'IntrinsicAttributes & FileUploadProps & RefAttributes<HTMLInputElement>'.
  Property 'multiple' does not exist on type 'IntrinsicAttributes & FileUploadProps & RefAttributes<HTMLInputElement>'.
